// Jest Snapshot v1, https://goo.gl/fbAQLP

exports[`<PostIterator /> renders defaults correctly 1`] = `
<section
  className="sc-hKwCoD jlfmGc"
>
  <button
    className="sc-eCImvq ejbZxt"
    onClick={[Function]}
  >
    <figure
      className="sc-jRQAMF eTnQcB"
    >
      <div
        className="sc-gsDJrp fjJyJM"
      >
        <img
          src="some-image.jpg"
        />
      </div>
    </figure>
    <div
      className="sc-gKckTs kLRCIi"
    >
      <div
        className="sc-dkPtyc ilzhhU"
        fontSize="f-sm"
        fontWeight="bold"
      >
        Previous
      </div>
      <div
        className="sc-dkPtyc brifpI sc-iCfLBT WVbHt"
        fontSize="f-sm"
        fontWeight="bold"
        title="Shrimp Scampi"
      >
        Shrimp Scampi
      </div>
    </div>
  </button>
  <button
    className="sc-eCImvq ejbZxt"
    onClick={[Function]}
  >
    <div
      className="sc-gKckTs cHBjvx"
      direction="right"
    >
      <div
        className="sc-dkPtyc ifZQtv"
        fontSize="f-sm"
        fontWeight="bold"
      >
        Next
      </div>
      <div
        className="sc-dkPtyc brifpI sc-iCfLBT WVbHt"
        fontSize="f-sm"
        fontWeight="bold"
        title="Tomato Bisque"
      >
        Tomato Bisque
      </div>
    </div>
    <figure
      className="sc-jRQAMF eTnQcB"
    >
      <div
        className="sc-gsDJrp fjJyJM"
      >
        <img
          src="some-image.jpg"
        />
      </div>
    </figure>
  </button>
</section>
`;
