// Jest Snapshot v1, https://goo.gl/fbAQLP

exports[`<JumpToRecipeButton /> renders defaults correctly 1`] = `
<div
  className="sc-fFubgz eSfcTm"
>
  <button
    className="sc-bdfBwQ nGBlO"
    shape="rectangle"
  >
    <span
      className="sc-bkzZxe iWfDzb"
    >
      Jump to Recipe
    </span>
    <svg
      className="sc-dQppl hrCsGr"
      fill="#BB5B34"
      fontSize="0.75rem"
      height="1em"
      preserveAspectRatio="xMidYMid meet"
      viewBox="0 0 16 8"
      width="1em"
      xmlns="http://www.w3.org/2000/svg"
    >
      <path
        d="M7.09 0H0l8 8 8-8z"
        fillRule="evenodd"
      />
    </svg>
  </button>
</div>
`;
