// Jest Snapshot v1, https://goo.gl/fbAQLP

exports[`<Headings /> renders defaults correctly 1`] = `
Array [
  <h1
    className="sc-bdfBwQ kZxshl"
  />,
  <h2
    className="sc-gsTCUz euQTEs"
  />,
  <h3
    className="sc-dlfnbm ieUBDV"
  />,
  <h4
    className="sc-hKgILt huwtbG"
  />,
  <h5
    className="sc-eCssSg iyUqzn"
  />,
  <h6
    className="sc-jSgupP gkNlm"
  />,
]
`;
