// Jest Snapshot v1, https://goo.gl/fbAQLP

exports[`<Carousel /> renders defaults correctly 1`] = `
<section
  className="sc-fFubgz bQgpDU"
>
  <div
    className="sc-idOhPF iaUvbu"
  >
    <div
      className="sc-bkzZxe hVtwZE"
    >
      <div
        style={
          Object {
            "height": "200px",
            "width": "100px",
          }
        }
      />
      <div
        style={
          Object {
            "height": "200px",
            "width": "100px",
          }
        }
      />
      <div
        style={
          Object {
            "height": "200px",
            "width": "100px",
          }
        }
      />
      <div
        style={
          Object {
            "height": "200px",
            "width": "100px",
          }
        }
      />
    </div>
    <button
      className="sc-fKFyDc jIAyRB"
      direction="left"
      onClick={[Function]}
    >
      <svg
        className="sc-gKsewC dFuSAH"
        fill="#fff"
        height="1em"
        preserveAspectRatio="xMidYMid meet"
        style={
          Object {
            "marginRight": "-3px",
          }
        }
        viewBox="0 0 9.9 16.97"
        width="1em"
        xmlns="http://www.w3.org/2000/svg"
      >
        <path
          d="M8.48 0L1.41 7.07 0 8.48l8.48 8.49 1.42-1.41-7.07-7.08L9.9 1.41 8.48 0z"
          fillRule="evenodd"
        />
      </svg>
    </button>
    <button
      className="sc-fKFyDc cWEiZc"
      direction="right"
      onClick={[Function]}
    >
      <svg
        className="sc-kEjbxe fRRqum"
        fill="#fff"
        height="1em"
        preserveAspectRatio="xMidYMid meet"
        style={
          Object {
            "marginLeft": "3px",
          }
        }
        viewBox="0 0 9.9 16.97"
        width="1em"
        xmlns="http://www.w3.org/2000/svg"
      >
        <path
          d="M1.41 0L0 1.41l7.07 7.07L0 15.56l1.41 1.41L8.48 9.9 9.9 8.48 1.41 0z"
          fillRule="evenodd"
        />
      </svg>
    </button>
  </div>
  <section
    className="sc-bBXqnf crXpW"
  >
    <nav
      className="sc-dIUggk iLkYPn"
    >
      <ul
        className="sc-hHftDr kRIGKa"
      >
        <li
          className="sc-dmlrTW dRbkSR"
        >
          <button
            className="sc-kfzAmx fOpycm"
            onClick={[Function]}
          />
        </li>
        <li
          className="sc-dmlrTW dRbkSR"
        >
          <button
            className="sc-kfzAmx ePJKBY"
            onClick={[Function]}
          />
        </li>
        <li
          className="sc-dmlrTW dRbkSR"
        >
          <button
            className="sc-kfzAmx ePJKBY"
            onClick={[Function]}
          />
        </li>
        <li
          className="sc-dmlrTW dRbkSR"
        >
          <button
            className="sc-kfzAmx ePJKBY"
            onClick={[Function]}
          />
        </li>
      </ul>
    </nav>
  </section>
</section>
`;
