// Jest Snapshot v1, https://goo.gl/fbAQLP

exports[`<Media /> renders defaults correctly 1`] = `
<article
  className="sc-eCssSg bMMBMS"
>
  <figure
    className="sc-jSgupP bPvPOL"
  >
    <div
      className="sc-bdfBwQ jYcsaj"
    >
      <img
        src="some-image.jpg"
      />
    </div>
  </figure>
  <div
    className="sc-gKsewC gOOLjR"
  >
    <time
      className="sc-dlfnbm bFIWGM"
      dateTime="2021-01-20T00:00-08:00"
    >
      Jan 20
    </time>
    <h2
      className="sc-hKgILt ldKqvS"
    >
      Filipino Pork Adobo
    </h2>
    <p
      className="sc-gsTCUz YrFQz sc-iBPRYJ EuWcI"
    >
      media desc
    </p>
  </div>
</article>
`;
