// Jest Snapshot v1, https://goo.gl/fbAQLP

exports[`<Media /> renders defaults correctly 1`] = `
<article
  className="sc-eCImvq cbqsFv"
>
  <figure
    className="sc-jRQAMF fslYWP"
  >
    <div
      className="sc-bdvvaa kAltse"
    >
      <img
        src="some-image.jpg"
      />
    </div>
  </figure>
  <div
    className="sc-gKckTs cFWoEV"
  >
    <time
      className="sc-gsDJrp bcoJhx"
      dateTime="2021-01-20T00:00-08:00"
    >
      Jan 20, 2021
    </time>
    <h2
      className="sc-hKwCoD cbtypN"
    >
      Filipino Pork Adobo
    </h2>
    <div
      className="sc-iCfLBT iZnesr"
    >
      media desc
    </div>
  </div>
</article>
`;
