// Jest Snapshot v1, https://goo.gl/fbAQLP

exports[`<NewsletterForm /> renders defaults correctly 1`] = `
<form
  className="sc-hKgILt fScdSN"
  method="POST"
  name="newsletter"
  onSubmit={[Function]}
>
  <div
    className="sc-eCssSg gMIsyO"
  >
    <div
      className="sc-gsTCUz AHsV"
      fontWeight="bold"
    >
      Thank you for subscribing.
    </div>
  </div>
  <input
    className="sc-dlfnbm hyThlN sc-jSgupP loLlcA"
    disabled={false}
    id="email"
    name="email"
    onChange={[Function]}
    pattern="[^@]+@.+\\\\..+"
    placeholder="Email"
    required={true}
    type="email"
    value=""
  />
  <button
    className="sc-bdfBwQ hOvkQI sc-gKsewC jueYgl"
    disabled={false}
    shape="rectangle"
    type="submit"
  >
    Submit
  </button>
</form>
`;
