// Jest Snapshot v1, https://goo.gl/fbAQLP

exports[`<PartnerCard /> renders defaults correctly 1`] = `
<article
  aria-label="Title"
  className="sc-jrQzUz ibQScY"
>
  <figure
    className="sc-kDThTU isOPXU"
  >
    <div
      className="sc-iCfLBT bGCavi"
    >
      <img
        src="some-image.jpg"
      />
    </div>
  </figure>
  <h5
    className="sc-jRQAMF cAtpyc"
  >
    Title
  </h5>
  <div
    className="sc-pVTma jBccrw"
  >
    Some Desc
    :
  </div>
  <p
    className="sc-furvIG hdhXSU sc-pVTma dlHTzC"
    fontSize="f1"
    fontWeight="bold"
  >
    WHISPEROFYUM
  </p>
  <button
    className="sc-bdvvaa exycJr"
    onClick={[Function]}
  >
    Shop Now
  </button>
</article>
`;
