// Jest Snapshot v1, https://goo.gl/fbAQLP

exports[`<Card /> renders defaults correctly 1`] = `
<article
  aria-label="Filipino Pork Adobo"
  className="sc-hKgILt gHTTxV"
>
  <figure
    className="sc-eCssSg EUPsC"
  >
    <div
      className="sc-bdfBwQ jYcsaj"
    >
      <img
        src="some-image.jpg"
      />
    </div>
  </figure>
  <time
    className="sc-gsTCUz kVJUOL"
    dateTime="2021-01-20T00:00-08:00"
  >
    Jan 20
  </time>
  <h2
    className="sc-dlfnbm fdKZoI"
  >
    Filipino Pork Adobo
  </h2>
</article>
`;
