// Jest Snapshot v1, https://goo.gl/fbAQLP

exports[`<ProfileCard /> renders defaults correctly 1`] = `
<section
  className="sc-fKVsgm gHITeq"
>
  <img
    alt="jerildine"
    className="sc-bdvvaa dOfXvM"
    src="https://images.ctfassets.net/lz7g6u6kccw7/2PXqIKP4gcdBKWQ4sUuqaa/c4ea960704b036c285cd6061400c447e/IMG_6D21ECE4038E-1.jpeg?h=250"
  />
  <div
    className="sc-gsDJrp gnvuur sc-bBHwJV bRtXXM"
    fontSize="f4"
    fontWeight="bold"
  >
    jerildine
  </div>
  <div
    className="sc-iwjezw CtbIG"
  />
  <div
    className="sc-cxpRKc bjBnP"
    dangerouslySetInnerHTML={
      Object {
        "__html": "",
      }
    }
  />
  <footer
    className="sc-llYToB HdhJl"
  >
    <button
      className="sc-dlVyqM bxzSft"
    >
      <span
        className="sc-kfPtPH iLVomG"
      >
        Read More
      </span>
      <svg
        className="sc-egiSv fpsiTh"
        fill="#A2421B"
        fontSize="10px"
        height="1em"
        preserveAspectRatio="xMidYMid meet"
        style={
          Object {
            "marginTop": "1px",
          }
        }
        viewBox="0 0 9.9 16.97"
        width="1em"
        xmlns="http://www.w3.org/2000/svg"
      >
        <path
          d="M1.41 0L0 1.41l7.07 7.07L0 15.56l1.41 1.41L8.48 9.9 9.9 8.48 1.41 0z"
          fillRule="evenodd"
        />
      </svg>
    </button>
  </footer>
</section>
`;
